A51 MACRO ASSEMBLER  JOGO                                                                 06/01/2017 17:08:13 PAGE     1


MACRO ASSEMBLER A51 V8.2.5.0
OBJECT MODULE PLACED IN .\Objects\Jogo.obj
ASSEMBLER INVOKED BY: C:\Keil_v5\C51\BIN\A51.EXE Jogo.a51 SET(SMALL) DEBUG PRINT(.\Listings\Jogo.lst) OBJECT(.\Objects\J
                      ogo.obj) EP

LOC  OBJ            LINE     SOURCE

                       1     ;*******************************************************************************

                       2     ; Projeto 3 de Arquitetura de Computadores

                       3     ; Jogo para fugir de objetos (Assembly)

                       4     ; Manuel Joaquim Andrade Sousa Perez, 2029015

                       5     ; Cláudio Ascenso Sardinha, 2030215

                       6     ;*******************************************************************************

                       7     

                       8     ;*******************************************************************************

                       9     ;       Portas

  00B0                10     INPUT EQU P3

  00A0                11     DisplayX EQU P2

  0090                12     DisplayY EQU P1

                      13     ;*******************************************************************************

                      14     ; Constantes auxiliares (microcontrolador)

  003C                15     TEMPO_HIGH EQU 0x3C                                                                     ; B
                             yte mais significativo do timer 0 - 50 ms (12MHz)

  00AF                16     TEMPO_LOW EQU 0xAF                                                                         
                                  ; Byte menos significativo do timer 0 - 50 ms (12MHz)

  0070                17     TEMPO_T1 EQU 0x70                                                                          
                                  ; 0x70 Tempo do timer 1 - 112 us (12MHz)

  00FF                18     VAZIO EQU 0xFF                                                                             
                                          ; Porta vazia (tudo desligado)

  008F                19     INTERRUPCOES_ESTADO_INICIAL EQU 143             ; Estado das interrupções ao ser corrido o 
                             programa

                      20     ;*******************************************************************************

                      21     ;       Constantes auxiliares (jogo)

  0005                22     IMAGEM_GAMEOVER EQU 5

  0006                23     IMAGEM_VICTORY EQU 6

  0007                24     NR_IMAGENS EQU 7                                        ; Número de imagens

  0007                25     NR_LINHAS EQU 7                                         ; Número total de linhas

  0006                26     POS_JOGADOR EQU 6                                       ; Coordenada Y do jogador (última l
                             inha)

  0004                27     POS_JOGADOR_INICIAL EQU 4                                       ; Posição inicial do jogado
                             r (no meio da linha)

  00FE                28     LINHAATIVA_INICIAL EQU 11111110b

  0001                29     NIVEL_INICIAL EQU 1

  0004                30     VIDAS_INICIAL EQU 4                             ; Nº de vidas para o jogador (3 vidas)

  0014                31     DIFICULDADE1 EQU 20                             ; Velocidade a que descem os obstáculos (di
                             ficuldade)

  0012                32     DIFICULDADE2 EQU 18                             ; Velocidade a que descem os obstáculos (di
                             ficuldade)

  000F                33     DIFICULDADE3 EQU 15                     ; Velocidade a que descem os obstáculos (dificuldad
                             e)

  000A                34     DIFICULDADE4 EQU 10                     ; Velocidade a que descem os obstáculos (dificuldad
                             e)

  0007                35     DIFICULDADE5 EQU 7                      ; Velocidade a que descem os obstáculos (dificuldad
                             e)

  0001                36     LIMITE_X_DIREITA EQU 1                  ;  Limite direito do display em relação ao X

  0010                37     LIMITE_X_ESQUERDA EQU 16        ; Limite esquerdo do display em relação ao X

  0000                38     LINHA_VAZIA EQU 0                                       ; Representa uma linha vazia (image
                             m com os LEDs todos desligados)

                      39     ;*******************************************************************************

                      40     ;       Variáveis do jogo

  0028                41     LinhaAtual EQU 40                                               ; Variável para guardar o n
                             úmero de linha

  0029                42     VidasRestantes EQU 41                   ; Vidas restantes do jogador

  002A                43     TempoObstaculos EQU 42          ; Tempo (restante) antes de descerem (novamente) os obstácu
A51 MACRO ASSEMBLER  JOGO                                                                 06/01/2017 17:08:13 PAGE     2

                             los

  002B                44     DificuldadeAtual EQU 43                 ; Dificuldade atual do jogo (tempo estipulado para 
                             a frequência com que os obstáculos vão descendo)

  002C                45     ObstaculosInicio EQU 44                 ; Limite superior dos obstáculos

  002D                46     NivelAtual EQU 45                                               ; Nível atual do jogo (que 
                             representa a imagem do vetor a ser desenhada)

  002E                47     ImagemAtual EQU 46

  002F                48     LinhaAtiva EQU 47

  0032                49     NovaImagem EQU 50

  0046                50     ImagemDisplay EQU 70                                            ; Display com 7 valores

                      51     ;*******************************************************************************

                      52     ; Primeira instrução, após o reset do microcontrolador 

----                  53     CSEG AT 0000h

0000 804E             54     JMP Principal

                      55     ;*******************************************************************************

                      56     ;*******************************************************************************

                      57     ; Rotina de tratamento da interrupção externa 0 (botão anterior) 

----                  58     CSEG AT 0003h

0003 01CA             59     JMP MoverJogadorEsquerda

                      60     ;*******************************************************************************

                      61     ;*******************************************************************************

                      62     ; Rotina de tratamento da interrupção externa 1 (botão seguinte) 

----                  63     CSEG AT 0013h

0013 01EA             64     JMP MoverJogadorDireita

                      65     ;*******************************************************************************

                      66     ; Rotina de tratamento da interrupção do temporizador 0

----                  67     CSEG AT 000bh

000B 210A             68     JMP VerificarObstaculos

                      69     ;*******************************************************************************

                      70     ;*******************************************************************************

                      71     ; Rotina de tratamento da interrupção do temporizado 1

----                  72     CSEG AT 001bh

001B 213B             73     JMP VarrerDisplay

                      74     ;***************************************************************************

                      75     ;***************************************************************************

                      76     

                      77     ;*******************************************************************************

                      78     ; Instruções do programa principal

----                  79     CSEG AT 050h

0050                  80     Principal:

0050 758164           81         MOV SP, #100                        ; Endereço inicial da stack pointer

0053 752D01           82         MOV NivelAtual, #NIVEL_INICIAL                      ; Imagem inicial

0056 752A00           83         MOV TempoObstaculos, #0

0059 752800           84         MOV LinhaAtual, #0                  ; Mostrar a primeira linha no display

005C 752904           85         MOV VidasRestantes, #VIDAS_INICIAL

005F 752FFE           86         MOV LinhaAtiva, #LINHAATIVA_INICIAL

                      87     

0062                  88         LigarInterrupcoes:

0062 758921           89             MOV TMOD, #00100001b;           ; Timer 0 de 16 bits

0065 758C3C           90             MOV TH0, #TEMPO_HIGH;           ; Timer 0 = 50 ms

0068 758AAF           91             MOV TL0, #TEMPO_LOW; 

006B 758D70           92             MOV TH1, #TEMPO_T1;                     ; Timer 1 = 112 us

006E 758B70           93             MOV TL1, #TEMPO_T1;

0071 75B800           94             MOV IP, #0              ; Não altera as prioridades

0074 75A88F           95             MOV IE, #INTERRUPCOES_ESTADO_INICIAL            ; Activa as interrupções:

0077 D288             96             SETB IT0                        ; Ext0 detectada na transição descendente

0079 D28A             97             SETB IT1                        ; Ext1 detectada na transição descendente

007B D28C             98             SETB TR0                        ; Inicia timer 0

007D D28E             99             SETB TR1                        ; Inicia timer 1

007F 75B0FF          100             MOV INPUT, #VAZIO                       ; P3 é uma porta de entrada

                     101     

0082                 102         Principal_Jogo:

0082 752B14          103             MOV DificuldadeAtual, #DIFICULDADE1

0085 3179            104             CALL Jogar

                     105             

0087 752B12          106             MOV DificuldadeAtual, #DIFICULDADE2

A51 MACRO ASSEMBLER  JOGO                                                                 06/01/2017 17:08:13 PAGE     3

008A 3179            107             CALL Jogar

                     108             

008C 752B0F          109             MOV DificuldadeAtual, #DIFICULDADE3

008F 3179            110             CALL Jogar

                     111             

0091 752B0A          112             MOV DificuldadeAtual, #DIFICULDADE4

0094 3179            113             CALL Jogar

                     114             

0096 752B07          115             MOV DificuldadeAtual, #DIFICULDADE5

0099 3179            116             CALL Jogar

                     117             

009B 216E            118             JMP Victory

                     119     ;*******************************************************************************

                     120     

                     121     

009D                 122     DesenharNovaImagem:

009D C0E0            123         PUSH ACC                    ; Guarda o conteúddo do registo ACC

009F C0F0            124         PUSH B

00A1 C000            125         PUSH 0

00A3 C001            126         PUSH 1                              ; Guarda o conteúdo do registo R1

00A5 C002            127         PUSH 2                              ; Guarda o conteúdo do registo R2

                     128     

00A7 E532            129         MOV A, NovaImagem

00A9 75F007          130         MOV B, #NR_LINHAS                   ; Número de linhas

00AC 15F0            131         DEC B

00AE A4              132         MUL AB                              ; Multiplica a imagem pelo tamanho da linha

00AF 7846            133         MOV R0, #ImagemDisplay              ; R0 aponta para o display

00B1 F9              134         MOV R1, A                   ; Guarda o deslocamento

00B2 7A07            135         MOV R2, #NR_LINHAS          ; Número de linhas do display

00B4 1A              136         DEC R2

00B5 9001A4          137         MOV DPTR, #Imagens          ; Endereço base das imagens

                     138         

00B8                 139         CicloDesenhar:                      ; Ciclo da rotina mostrar

00B8 93              140             MOVC A, @A+DPTR                 ; Leitura de uma linha da memória de instruções

00B9 F6              141             MOV @R0, A                      ; Coloca a linha no display

00BA 08              142             INC R0                          ; Passa para a próxima linha no display

00BB 09              143             INC R1                          ; Passa para o próxima linha na tabela

00BC E9              144             MOV A, R1                       

00BD DAF9            145             DJNZ R2, CicloDesenhar          ; Verifica se já mostrou todas as linhas

                     146     

00BF D002            147         POP 2                               ; Repõe o conteúdo do registo R2

00C1 D001            148         POP 1                               ; Repõe o conteúdo do registo R1

00C3 D000            149         POP 0

00C5 D0F0            150         POP B

00C7 D0E0            151         POP ACC                     ; Repõe o conteúddo do registo ACC

00C9 22              152         RET

                     153     

                     154     ;*******************************************************************************        

                     155     ;*******************************************************************************

00CA                 156     MoverJogadorEsquerda:

00CA C0E0            157             PUSH ACC

00CC C0F0            158             PUSH B

00CE C000            159             PUSH 0

                     160         

00D0 7406            161             MOV A,#POS_JOGADOR

00D2 75F046          162             MOV B,#ImagemDisplay

00D5 25F0            163             ADD A,B

00D7 F8              164             MOV R0,A 

00D8 E6              165             MOV A,@R0                                       ;Posição do joagador 

00D9 B41002          166             CJNE A, #LIMITE_X_ESQUERDA, MoverEsquerda

00DC 8005            167         JMP FimMoverJogadorEsquerda

                     168         

00DE                 169         MoverEsquerda:

00DE 75F002          170             MOV B,#2

00E1 A4              171             MUL AB

00E2 F6              172             MOV @R0,A

A51 MACRO ASSEMBLER  JOGO                                                                 06/01/2017 17:08:13 PAGE     4

                     173                     

00E3                 174         FimMoverJogadorEsquerda:

00E3 D000            175             POP 0

00E5 D0F0            176             POP B

00E7 D0E0            177             POP ACC

00E9 32              178             RETI

                     179                     

00EA                 180     MoverJogadorDireita:

00EA C0E0            181             PUSH ACC

00EC C0F0            182             PUSH B

00EE C000            183             PUSH 0

                     184     

00F0 7406            185             MOV A,#POS_JOGADOR

00F2 75F046          186             MOV B,#ImagemDisplay

00F5 25F0            187             ADD A,B

00F7 F8              188             MOV R0,A 

00F8 E6              189             MOV A,@R0                                       ;Posição do joagador 

00F9 B40102          190             CJNE A, #LIMITE_X_DIREITA, MoverDireita

00FC 8005            191             JMP FimMoverJogadorDireita

                     192         

00FE                 193             MoverDireita:

00FE 75F002          194                     MOV B,#2

0101 84              195                     DIV AB

0102 F6              196                     MOV @R0,A

                     197                     

0103                 198         FimMoverJogadorDireita:

0103 D000            199             POP 0

0105 D0F0            200             POP B

0107 D0E0            201             POP ACC

0109 32              202             RETI

                     203     ;*******************************************************************************

                     204     ;*******************************************************************************

                     205      

                     206     ;*******************************************************************************

010A                 207     VerificarObstaculos:

010A C0E0            208         PUSH ACC                    ; Guarda o conteúddo do registo ACC

010C C000            209             PUSH 0

010E C001            210             PUSH 1

0110 C0F0            211         PUSH B

                     212         

0112 758C3C          213         MOV TH0, #TEMPO_HIGH;               ; Timer 0 = 50 ms

0115 758AAF          214         MOV TL0, #TEMPO_LOW;                ; Verifica se já passou 1 segundo

0118 D52A17          215         DJNZ TempoObstaculos, fimVerificarObstaculos

                     216         

011B                 217         ReinicializarDificuldade:

011B 852B2A          218             MOV TempoObstaculos, DificuldadeAtual

                     219             

011E                 220         VerificarColisoes:

011E 7446            221                     MOV A, #ImagemDisplay

0120 2406            222                     ADD A, #POS_JOGADOR

0122 F5F0            223             MOV B, A

0124 15F0            224             DEC B

                     225             

0126 F8              226             MOV R0, A

0127 E6              227             MOV A, @R0

0128 A8F0            228             MOV R0, B

012A 86F0            229             MOV B, @R0

                     230                     

012C 55F0            231                     ANL A, B

012E 6002            232                     JZ MoverObstaculos

                     233             

0130                 234             DecrementarVidas:

0130 1529            235             DEC VidasRestantes

                     236     

0132                 237             MoverObstaculos:

                     238     ;;;;;;;;;;;;;;;;

A51 MACRO ASSEMBLER  JOGO                                                                 06/01/2017 17:08:13 PAGE     5

                     239     ;;;;;;;;;;;;;;;

                     240     ;;;;;;;;;;;;;;

                     241                     

0132                 242     FimVerificarObstaculos:

0132 D0F0            243         POP B

0134 D001            244         POP 1

0136 D000            245         POP 0

0138 D0E0            246         POP ACC                             ; Repõe o conteúddo do registo ACC

013A 32              247         RETI

                     248     ;*******************************************************************************

                     249     

                     250     ;*******************************************************************************

                     251     ;*******************************************************************************

013B                 252     VarrerDisplay:

013B C0E0            253         PUSH ACC                    ; Guarda o conteúdo do registo A

013D C000            254         PUSH 0                              ; Guarda o conteúdo do registo R0

                     255     

013F 7446            256             MOV A, #ImagemDisplay           ; Apontador para a primeira linha

0141 2528            257             ADD A, LinhaAtual                       ; Apontador para a linha a mostrar no displ
                             ay

0143 F8              258             MOV R0, A                       ; Apontador para a linha do display

                     259         

0144 E52F            260         MOV A, LinhaAtiva

                     261             

0146 7590FF          262             MOV P1, #VAZIO          ; Desliga a selecção de todas as linhas

0149 86A0            263             MOV P2, @R0                     ; Actualiza a informação da coluna

014B F590            264             MOV P1, A                       ; Selecciona a linha

                     265     

014D 0528            266             INC LinhaAtual                  ; Passa para a próxima linha

014F 23              267         RL A

0150 F52F            268         MOV LinhaAtiva, A

0152 E528            269         MOV A, LinhaAtual

0154 B40706          270             CJNE A, #NR_LINHAS, FimVarrerDisplay

0157 752800          271             MOV LinhaAtual, #0                      ; Próxima linha a mostrar

015A 752FFE          272         MOV LinhaAtiva, #LINHAATIVA_INICIAL

                     273         

015D                 274         FimVarrerDisplay:

015D D000            275             POP 0                           ; Repõe o conteúdo do registo R0

015F D0E0            276             POP ACC                         ; Repõe o conteúdo do registo A

0161 32              277             RETI

                     278     ;*******************************************************************************

                     279     ;*******************************************************************************

0162                 280     DesligarInterrupcoes:

0162 C28C            281         CLR TR0

0164 22              282         RET

                     283     ;*******************************************************************************

                     284     ;*******************************************************************************

0165                 285     GameOver:

0165 753205          286         MOV NovaImagem, #IMAGEM_GAMEOVER

0168 119D            287         CALL DesenharNovaImagem

016A 3162            288         CALL DesligarInterrupcoes

016C 8009            289         JMP EndLoop

                     290     

016E                 291     Victory:

016E 753206          292         MOV NovaImagem, #IMAGEM_VICTORY

0171 119D            293         CALL DesenharNovaImagem

0173 3162            294         CALL DesligarInterrupcoes

0175 8000            295         JMP EndLoop

                     296     

0177 80FE            297     EndLoop: JMP EndLoop

                     298     ;*******************************************************************************

                     299     ;*******************************************************************************

0179                 300     Jogar:

0179 852B2A          301         MOV TempoObstaculos, DificuldadeAtual

                     302         

017C                 303         InicializarJogador:

A51 MACRO ASSEMBLER  JOGO                                                                 06/01/2017 17:08:13 PAGE     6

017C 7446            304             MOV A, #ImagemDisplay           ; Apontador para a primeira linha

017E 2406            305             ADD A, #POS_JOGADOR                     ; Apontador para a linha a mostrar no displ
                             ay

0180 F8              306             MOV R0, A

0181 7604            307             MOV @R0, #POS_JOGADOR_INICIAL 

                     308             

0183                 309         InicializarObstaculos:

0183 752C00          310             MOV ObstaculosInicio, #0

0186 A82D            311             MOV R0, NivelAtual

0188 18              312             DEC R0

0189 8832            313             MOV NovaImagem, R0

018B 119D            314             CALL DesenharNovaImagem

                     315         

018D                 316         CicloJogar:

018D E529            317             MOV A, VidasRestantes

018F 600A            318             JZ fimCicloJogar

0191 E52C            319             MOV A, ObstaculosInicio

0193 75F007          320             MOV B, #NR_LINHAS

0196 15F0            321             DEC B

0198 B5F0F2          322             CJNE A, B, CicloJogar

                     323             

019B                 324         fimCicloJogar:    

019B E529            325             MOV A, VidasRestantes

019D 7002            326             JNZ ProximoNivel

019F 80C4            327             JMP GameOver

                     328         

01A1                 329         ProximoNivel:

01A1 052D            330             INC NivelAtual

01A3 22              331             RET

                     332     ;*******************************************************************************

                     333     ;*******************************************************************************

                     334     ; Imagens a mostrar no display

01A4                 335     Imagens:

01A4 03020401        336     DB 3, 2, 4, 1, 5, 2             ; Nível 1

01A8 0502                    
01AA 04030206        337     DB 4, 3, 2, 6, 0, 0             ; Nível 2

01AE 0000                    
01B0 07060206        338     DB 7, 6, 2, 6, 0, 0             ; Nível 3

01B4 0000                    
01B6 08020306        339     DB 8, 2, 3, 6, 0, 0             ; Nível 4

01BA 0000                    
01BC 01040406        340     DB 1, 4, 4, 6, 0, 0             ; Nível 5  

01C0 0000                    
01C2 110A040A        341     DB 17,10,4,10,17,0      ; Game over

01C6 1100                    
01C8 1F1F1F1F        342     DB 31,31,31,31,31,31    ; Vitória

01CC 1F1F                    
                     343     ;**************************************************************************

                     344     

                     345     END

A51 MACRO ASSEMBLER  JOGO                                                                 06/01/2017 17:08:13 PAGE     7

SYMBOL TABLE LISTING
------ ----- -------


N A M E                      T Y P E  V A L U E   ATTRIBUTES

ACC . . . . . . . . . . . .  D ADDR   00E0H   A   
B . . . . . . . . . . . . .  D ADDR   00F0H   A   
CICLODESENHAR . . . . . . .  C ADDR   00B8H   A   
CICLOJOGAR. . . . . . . . .  C ADDR   018DH   A   
DECREMENTARVIDAS. . . . . .  C ADDR   0130H   A   
DESENHARNOVAIMAGEM. . . . .  C ADDR   009DH   A   
DESLIGARINTERRUPCOES. . . .  C ADDR   0162H   A   
DIFICULDADE1. . . . . . . .  N NUMB   0014H   A   
DIFICULDADE2. . . . . . . .  N NUMB   0012H   A   
DIFICULDADE3. . . . . . . .  N NUMB   000FH   A   
DIFICULDADE4. . . . . . . .  N NUMB   000AH   A   
DIFICULDADE5. . . . . . . .  N NUMB   0007H   A   
DIFICULDADEATUAL. . . . . .  N NUMB   002BH   A   
DISPLAYX. . . . . . . . . .  D ADDR   00A0H   A   
DISPLAYY. . . . . . . . . .  D ADDR   0090H   A   
ENDLOOP . . . . . . . . . .  C ADDR   0177H   A   
FIMCICLOJOGAR . . . . . . .  C ADDR   019BH   A   
FIMMOVERJOGADORDIREITA. . .  C ADDR   0103H   A   
FIMMOVERJOGADORESQUERDA . .  C ADDR   00E3H   A   
FIMVARRERDISPLAY. . . . . .  C ADDR   015DH   A   
FIMVERIFICAROBSTACULOS. . .  C ADDR   0132H   A   
GAMEOVER. . . . . . . . . .  C ADDR   0165H   A   
IE. . . . . . . . . . . . .  D ADDR   00A8H   A   
IMAGEMATUAL . . . . . . . .  N NUMB   002EH   A   
IMAGEMDISPLAY . . . . . . .  N NUMB   0046H   A   
IMAGEM_GAMEOVER . . . . . .  N NUMB   0005H   A   
IMAGEM_VICTORY. . . . . . .  N NUMB   0006H   A   
IMAGENS . . . . . . . . . .  C ADDR   01A4H   A   
INICIALIZARJOGADOR. . . . .  C ADDR   017CH   A   
INICIALIZAROBSTACULOS . . .  C ADDR   0183H   A   
INPUT . . . . . . . . . . .  D ADDR   00B0H   A   
INTERRUPCOES_ESTADO_INICIAL  N NUMB   008FH   A   
IP. . . . . . . . . . . . .  D ADDR   00B8H   A   
IT0 . . . . . . . . . . . .  B ADDR   0088H.0 A   
IT1 . . . . . . . . . . . .  B ADDR   0088H.2 A   
JOGAR . . . . . . . . . . .  C ADDR   0179H   A   
LIGARINTERRUPCOES . . . . .  C ADDR   0062H   A   
LIMITE_X_DIREITA. . . . . .  N NUMB   0001H   A   
LIMITE_X_ESQUERDA . . . . .  N NUMB   0010H   A   
LINHAATIVA. . . . . . . . .  N NUMB   002FH   A   
LINHAATIVA_INICIAL. . . . .  N NUMB   00FEH   A   
LINHAATUAL. . . . . . . . .  N NUMB   0028H   A   
LINHA_VAZIA . . . . . . . .  N NUMB   0000H   A   
MOVERDIREITA. . . . . . . .  C ADDR   00FEH   A   
MOVERESQUERDA . . . . . . .  C ADDR   00DEH   A   
MOVERJOGADORDIREITA . . . .  C ADDR   00EAH   A   
MOVERJOGADORESQUERDA. . . .  C ADDR   00CAH   A   
MOVEROBSTACULOS . . . . . .  C ADDR   0132H   A   
NIVELATUAL. . . . . . . . .  N NUMB   002DH   A   
NIVEL_INICIAL . . . . . . .  N NUMB   0001H   A   
NOVAIMAGEM. . . . . . . . .  N NUMB   0032H   A   
NR_IMAGENS. . . . . . . . .  N NUMB   0007H   A   
NR_LINHAS . . . . . . . . .  N NUMB   0007H   A   
OBSTACULOSINICIO. . . . . .  N NUMB   002CH   A   
P1. . . . . . . . . . . . .  D ADDR   0090H   A   
P2. . . . . . . . . . . . .  D ADDR   00A0H   A   
P3. . . . . . . . . . . . .  D ADDR   00B0H   A   
POS_JOGADOR . . . . . . . .  N NUMB   0006H   A   
POS_JOGADOR_INICIAL . . . .  N NUMB   0004H   A   
PRINCIPAL . . . . . . . . .  C ADDR   0050H   A   
A51 MACRO ASSEMBLER  JOGO                                                                 06/01/2017 17:08:13 PAGE     8

PRINCIPAL_JOGO. . . . . . .  C ADDR   0082H   A   
PROXIMONIVEL. . . . . . . .  C ADDR   01A1H   A   
REINICIALIZARDIFICULDADE. .  C ADDR   011BH   A   
SP. . . . . . . . . . . . .  D ADDR   0081H   A   
TEMPOOBSTACULOS . . . . . .  N NUMB   002AH   A   
TEMPO_HIGH. . . . . . . . .  N NUMB   003CH   A   
TEMPO_LOW . . . . . . . . .  N NUMB   00AFH   A   
TEMPO_T1. . . . . . . . . .  N NUMB   0070H   A   
TH0 . . . . . . . . . . . .  D ADDR   008CH   A   
TH1 . . . . . . . . . . . .  D ADDR   008DH   A   
TL0 . . . . . . . . . . . .  D ADDR   008AH   A   
TL1 . . . . . . . . . . . .  D ADDR   008BH   A   
TMOD. . . . . . . . . . . .  D ADDR   0089H   A   
TR0 . . . . . . . . . . . .  B ADDR   0088H.4 A   
TR1 . . . . . . . . . . . .  B ADDR   0088H.6 A   
VARRERDISPLAY . . . . . . .  C ADDR   013BH   A   
VAZIO . . . . . . . . . . .  N NUMB   00FFH   A   
VERIFICARCOLISOES . . . . .  C ADDR   011EH   A   
VERIFICAROBSTACULOS . . . .  C ADDR   010AH   A   
VICTORY . . . . . . . . . .  C ADDR   016EH   A   
VIDASRESTANTES. . . . . . .  N NUMB   0029H   A   
VIDAS_INICIAL . . . . . . .  N NUMB   0004H   A   


REGISTER BANK(S) USED: 0 


ASSEMBLY COMPLETE.  0 WARNING(S), 0 ERROR(S)
