A51 MACRO ASSEMBLER  JOGO                                                                 06/01/2017 16:53:33 PAGE     1


MACRO ASSEMBLER A51 V8.2.5.0
OBJECT MODULE PLACED IN .\Objects\Jogo.obj
ASSEMBLER INVOKED BY: C:\Keil_v5\C51\BIN\A51.EXE Jogo.a51 SET(SMALL) DEBUG PRINT(.\Listings\Jogo.lst) OBJECT(.\Objects\J
                      ogo.obj) EP

LOC  OBJ            LINE     SOURCE

                       1     ;*******************************************************************************

                       2     ; Projeto 3 de Arquitetura de Computadores

                       3     ; Jogo para fugir de objetos (Assembly)

                       4     ; Manuel Joaquim Andrade Sousa Perez, 2029015

                       5     ; Cláudio Ascenso Sardinha, 2030215

                       6     ;*******************************************************************************

                       7     

                       8     ;       Portas

  00B0                 9     INPUT EQU P3

  00A0                10     DisplayX EQU P2

  0090                11     DisplayY EQU P1

                      12     ;*******************************************************************************

                      13     ; Constantes auxiliares (microcontrolador)

  003C                14     TEMPO_HIGH EQU 0x3C                                                                     ; B
                             yte mais significativo do timer 0 - 50 ms (12MHz)

  00AF                15     TEMPO_LOW EQU 0xAF                                                                         
                                  ; Byte menos significativo do timer 0 - 50 ms (12MHz)

  0070                16     TEMPO_T1 EQU 0x70                                                                          
                                  ; 0x70 Tempo do timer 1 - 112 us (12MHz)

  00FF                17     VAZIO EQU 0xFF                                                                             
                                          ; Porta vazia (tudo desligado)

  008F                18     INTERRUPCOES_ESTADO_INICIAL EQU 143             ; Estado das interrupções ao ser corrido o 
                             programa

                      19     ;*******************************************************************************

                      20     ;       Constantes auxiliares (jogo)

  0005                21     IMAGEM_GAMEOVER EQU 5

  0006                22     IMAGEM_VICTORY EQU 6

  0007                23     NR_IMAGENS EQU 7                                        ; Número de imagens

  0007                24     NR_LINHAS EQU 7                                         ; Número total de linhas

  0006                25     POS_JOGADOR EQU 6                                       ; Coordenada Y do jogador (última l
                             inha)

  0004                26     POS_JOGADOR_INICIAL EQU 4                                       ; Posição inicial do jogado
                             r (no meio da linha)

  00FE                27     LINHAATIVA_INICIAL EQU 11111110b

  0001                28     NIVEL_INICIAL EQU 1

  0004                29     VIDAS_INICIAL EQU 4                             ; Nº de vidas para o jogador (3 vidas)

  0014                30     DIFICULDADE1 EQU 20                             ; Velocidade a que descem os obstáculos (di
                             ficuldade)

  0012                31     DIFICULDADE2 EQU 18                             ; Velocidade a que descem os obstáculos (di
                             ficuldade)

  000F                32     DIFICULDADE3 EQU 15                     ; Velocidade a que descem os obstáculos (dificuldad
                             e)

  000A                33     DIFICULDADE4 EQU 10                     ; Velocidade a que descem os obstáculos (dificuldad
                             e)

  0007                34     DIFICULDADE5 EQU 7                      ; Velocidade a que descem os obstáculos (dificuldad
                             e)

  0001                35     LIMITE_X_DIREITA EQU 1                  ;  Limite direito do display em relação ao X

  0010                36     LIMITE_X_ESQUERDA EQU 16        ; Limite esquerdo do display em relação ao X

  0000                37     LINHA_VAZIA EQU 0                                       ; Representa uma linha vazia (image
                             m com os LEDs todos desligados)

                      38     ;*******************************************************************************

                      39     ;       Variáveis do jogo

  0028                40     LinhaAtual EQU 40                                               ; Variável para guardar o n
                             úmero de linha

  0029                41     VidasRestantes EQU 41                   ; Vidas restantes do jogador

  002A                42     TempoObstaculos EQU 42          ; Tempo (restante) antes de descerem (novamente) os obstácu
                             los

A51 MACRO ASSEMBLER  JOGO                                                                 06/01/2017 16:53:33 PAGE     2

  002B                43     DificuldadeAtual EQU 43                 ; Dificuldade atual do jogo (tempo estipulado para 
                             a frequência com que os obstáculos vão descendo)

  002C                44     ObstaculosInicio EQU 44                 ; Limite superior dos obstáculos

  002D                45     NivelAtual EQU 45                                               ; Nível atual do jogo (que 
                             representa a imagem do vetor a ser desenhada)

  002E                46     ImagemAtual EQU 46

  002F                47     LinhaAtiva EQU 47

  0032                48     NovaImagem EQU 50

  0046                49     ImagemX EQU 70                                                  ; Display com 7 valores

                      50     ;*******************************************************************************

                      51     ; Primeira instrução, após o reset do microcontrolador 

----                  52     CSEG AT 0000h

0000 804E             53     JMP Principal

                      54     ;*******************************************************************************

                      55     ;*******************************************************************************

                      56     ; Rotina de tratamento da interrupção externa 0 (botão anterior) 

----                  57     CSEG AT 0003h

0003 01CA             58     JMP MoverJogadorEsquerda

                      59     ;*******************************************************************************

                      60     ;*******************************************************************************

                      61     ; Rotina de tratamento da interrupção do temporizador 0

----                  62     CSEG AT 000bh

000B 210A             63     JMP VerificarObstaculos

                      64     ;*******************************************************************************

                      65     ;*******************************************************************************

                      66     ; Rotina de tratamento da interrupção externa 1 (botão seguinte) 

----                  67     CSEG AT 0013h

0013 01EA             68     JMP MoverJogadorDireita

                      69     ;*******************************************************************************

                      70     ;*******************************************************************************

                      71     ; Rotina de tratamento da interrupção do temporizado 1

----                  72     CSEG AT 001bh

001B 213C             73     JMP VarrerDisplay

                      74     ;***************************************************************************

                      75     ;*******************************************************************************

                      76     ; Instruções do programa principal

----                  77     CSEG AT 050h

0050                  78     Principal:

0050 758164           79         MOV SP, #100                        ; Endereço inicial da stack pointer

0053 752D01           80         MOV NivelAtual, #NIVEL_INICIAL                      ; Imagem inicial

0056 752800           81         MOV LinhaAtual, #0                  ; Mostrar a primeira linha no display

0059 752904           82         MOV VidasRestantes, #VIDAS_INICIAL

005C 752FFE           83         MOV LinhaAtiva, #LINHAATIVA_INICIAL

005F 752A00           84         MOV TempoObstaculos, #0

                      85         

0062                  86         LigarInterrupcoes:

0062 758921           87             MOV TMOD, #00100001b;           ; Timer 0 de 16 bits

0065 758C3C           88             MOV TH0, #TEMPO_HIGH;           ; Timer 0 = 50 ms

0068 758AAF           89             MOV TL0, #TEMPO_LOW; 

006B 758D70           90             MOV TH1, #TEMPO_T1;                     ; Timer 1 = 112 us

006E 758B70           91             MOV TL1, #TEMPO_T1;

0071 75B800           92             MOV IP, #0              ; Não altera as prioridades

0074 75A88F           93             MOV IE, #INTERRUPCOES_ESTADO_INICIAL            ; Activa as interrupções:

0077 D288             94             SETB IT0                        ; Ext0 detectada na transição descendente

0079 D28A             95             SETB IT1                        ; Ext1 detectada na transição descendente

007B D28C             96             SETB TR0                        ; Inicia timer 0

007D D28E             97             SETB TR1                        ; Inicia timer 1

007F 75B0FF           98             MOV INPUT, #VAZIO                       ; P3 é uma porta de entrada

                      99     

0082                 100         Principal_Jogo:

                     101             

0082 752B14          102             MOV DificuldadeAtual, #DIFICULDADE1

0085 317A            103             CALL Jogar

                     104             

0087 752B12          105             MOV DificuldadeAtual, #DIFICULDADE2

008A 317A            106             CALL Jogar

A51 MACRO ASSEMBLER  JOGO                                                                 06/01/2017 16:53:33 PAGE     3

                     107             

008C 752B0F          108             MOV DificuldadeAtual, #DIFICULDADE3

008F 317A            109             CALL Jogar

                     110             

0091 752B0A          111             MOV DificuldadeAtual, #DIFICULDADE4

0094 317A            112             CALL Jogar

                     113             

0096 752B07          114             MOV DificuldadeAtual, #DIFICULDADE5

0099 317A            115             CALL Jogar

                     116             

009B 216F            117             JMP Victory

                     118     ;*******************************************************************************

                     119     

                     120     

009D                 121     DesenharNovaImagem:

009D C0E0            122         PUSH ACC                    ; Guarda o conteúddo do registo ACC

009F C0F0            123         PUSH B

00A1 C000            124         PUSH 0

00A3 C001            125         PUSH 1                              ; Guarda o conteúdo do registo R1

00A5 C002            126         PUSH 2                              ; Guarda o conteúdo do registo R2

                     127     

00A7 E532            128         MOV A, NovaImagem

00A9 75F007          129         MOV B, #NR_LINHAS                   ; Número de linhas

00AC 15F0            130         DEC B

00AE A4              131         MUL AB                              ; Multiplica a imagem pelo tamanho da linha

00AF 7846            132         MOV R0, #ImagemX            ; R0 aponta para o display

00B1 F9              133         MOV R1, A                   ; Guarda o deslocamento

00B2 7A07            134         MOV R2, #NR_LINHAS          ; Número de linhas do display

00B4 1A              135         DEC R2

00B5 9001A6          136         MOV DPTR, #Imagens          ; Endereço base das imagens

                     137         

00B8                 138         CicloDesenhar:                      ; Ciclo da rotina mostrar

00B8 93              139             MOVC A, @A+DPTR                 ; Leitura de uma linha da memória de instruções

00B9 F6              140             MOV @R0, A                      ; Coloca a linha no display

00BA 08              141             INC R0                          ; Passa para a próxima linha no display

00BB 09              142             INC R1                          ; Passa para o próxima linha na tabela

00BC E9              143             MOV A, R1                       

00BD DAF9            144             DJNZ R2, CicloDesenhar          ; Verifica se já mostrou todas as linhas

                     145     

00BF D002            146         POP 2                               ; Repõe o conteúdo do registo R2

00C1 D001            147         POP 1                               ; Repõe o conteúdo do registo R1

00C3 D000            148         POP 0

00C5 D0F0            149         POP B

00C7 D0E0            150         POP ACC                     ; Repõe o conteúddo do registo ACC

00C9 22              151         RET

                     152     

                     153     ;*******************************************************************************        

                     154     ;*******************************************************************************

00CA                 155     MoverJogadorEsquerda:

00CA C0E0            156             PUSH ACC

00CC C0F0            157             PUSH B

00CE C000            158             PUSH 0

00D0 7406            159             MOV A,#POS_JOGADOR

00D2 75F046          160             MOV B,#ImagemX

00D5 25F0            161             ADD A,B

00D7 F8              162             MOV R0,A 

00D8 E6              163             MOV A,@R0                                       ;Posição do joagador 

00D9 B41002          164             CJNE A, #LIMITE_X_ESQUERDA, MoverEsquerda

00DC 8005            165         JMP FimMoverJogadorEsquerda

                     166         

00DE                 167         MoverEsquerda:

00DE 75F002          168             MOV B,#2

00E1 A4              169             MUL AB

00E2 F6              170             MOV @R0,A

                     171                     

00E3                 172         FimMoverJogadorEsquerda:

A51 MACRO ASSEMBLER  JOGO                                                                 06/01/2017 16:53:33 PAGE     4

00E3 D000            173             POP 0

00E5 D0F0            174             POP B

00E7 D0E0            175             POP ACC

00E9 32              176             RETI

                     177                     

00EA                 178     MoverJogadorDireita:

00EA C0E0            179             PUSH ACC

00EC C0F0            180             PUSH B

00EE C000            181             PUSH 0

                     182     

00F0 7406            183             MOV A,#POS_JOGADOR

00F2 75F046          184             MOV B,#ImagemX

00F5 25F0            185             ADD A,B

00F7 F8              186             MOV R0,A 

00F8 E6              187             MOV A,@R0                                       ;Posição do joagador 

00F9 B40102          188             CJNE A, #LIMITE_X_DIREITA, MoverDireita

00FC 8005            189             JMP FimMoverJogadorDireita

                     190         

00FE                 191             MoverDireita:

00FE 75F002          192                     MOV B,#2

0101 84              193                     DIV AB

0102 F6              194                     MOV @R0,A

                     195                     

0103                 196         FimMoverJogadorDireita:

0103 D000            197             POP 0

0105 D0F0            198             POP B

0107 D0E0            199             POP ACC

0109 32              200             RETI

                     201     ;*******************************************************************************

                     202     ;*******************************************************************************

                     203      

                     204     ;*******************************************************************************

010A                 205     VerificarObstaculos:

010A C0E0            206         PUSH ACC                    ; Guarda o conteúddo do registo ACC

010C C000            207             PUSH 0

010E C001            208             PUSH 1

0110 C0F0            209         PUSH B

                     210         

0112 758C3C          211         MOV TH0, #TEMPO_HIGH;               ; Timer 0 = 50 ms

0115 758AAF          212         MOV TL0, #TEMPO_LOW;                ; Verifica se já passou 1 segundo

0118 D52A18          213         DJNZ TempoObstaculos, fimVerificarObstaculos

                     214         

011B                 215         ReinicializarDificuldade:

011B A82B            216             MOV R0, DificuldadeAtual

011D 882A            217             MOV TempoObstaculos, R0

                     218             

011F                 219         VerificarColisoes:

011F 7446            220                     MOV A, #ImagemX

0121 2406            221                     ADD A, #POS_JOGADOR

0123 F5F0            222             MOV B, A

0125 15F0            223             DEC B

                     224             

0127 F8              225             MOV R0, A

0128 E6              226             MOV A, @R0

0129 A8F0            227             MOV R0, B

012B 86F0            228             MOV B, @R0

                     229                     

012D 55F0            230                     ANL A, B

012F 6002            231                     JZ MoverObstaculos              

0131 1529            232                     DEC VidasRestantes

                     233     

0133                 234             MoverObstaculos:

                     235                     ;;

                     236                     ;;

                     237                     

0133                 238     FimVerificarObstaculos:

A51 MACRO ASSEMBLER  JOGO                                                                 06/01/2017 16:53:33 PAGE     5

0133 D0F0            239         POP B

0135 D001            240         POP 1

0137 D000            241         POP 0

0139 D0E0            242         POP ACC                             ; Repõe o conteúddo do registo ACC

013B 32              243         RETI

                     244     ;*******************************************************************************

                     245     

                     246     ;*******************************************************************************

                     247     ;*******************************************************************************

013C                 248     VarrerDisplay:

013C C0E0            249         PUSH ACC                    ; Guarda o conteúdo do registo A

013E C000            250         PUSH 0                              ; Guarda o conteúdo do registo R0

                     251     

0140 7446            252             MOV A, #ImagemX         ; Apontador para a primeira linha

0142 2528            253             ADD A, LinhaAtual                       ; Apontador para a linha a mostrar no displ
                             ay

0144 F8              254             MOV R0, A                       ; Apontador para a linha do display

                     255         

0145 E52F            256         MOV A, LinhaAtiva

                     257             

0147 7590FF          258             MOV P1, #VAZIO          ; Desliga a selecção de todas as linhas

014A 86A0            259             MOV P2, @R0                     ; Actualiza a informação da coluna

014C F590            260             MOV P1, A                       ; Selecciona a linha

                     261     

014E 0528            262             INC LinhaAtual                  ; Passa para a próxima linha

0150 23              263         RL A

0151 F52F            264         MOV LinhaAtiva, A

0153 E528            265         MOV A, LinhaAtual

0155 B40706          266             CJNE A, #NR_LINHAS, FimVarrerDisplay

0158 752800          267             MOV LinhaAtual, #0                      ; Próxima linha a mostrar

015B 752FFE          268         MOV LinhaAtiva, #LINHAATIVA_INICIAL

                     269         

015E                 270         FimVarrerDisplay:

015E D000            271             POP 0                           ; Repõe o conteúdo do registo R0

0160 D0E0            272             POP ACC                         ; Repõe o conteúdo do registo A

0162 32              273             RETI

                     274     ;*******************************************************************************

                     275     ;*******************************************************************************

0163                 276     DesligarInterrupcoes:

0163 C28C            277         CLR TR0

0165 22              278         RET

                     279     ;*******************************************************************************

                     280     ;*******************************************************************************

0166                 281     GameOver:

0166 753205          282         MOV NovaImagem, #IMAGEM_GAMEOVER

0169 119D            283         CALL DesenharNovaImagem

016B 3163            284         CALL DesligarInterrupcoes

016D 8009            285         JMP EndLoop

                     286     

016F                 287     Victory:

016F 753206          288         MOV NovaImagem, #IMAGEM_VICTORY

0172 119D            289         CALL DesenharNovaImagem

0174 3163            290         CALL DesligarInterrupcoes

0176 8000            291         JMP EndLoop

                     292     

0178 80FE            293     EndLoop: JMP EndLoop

                     294     ;*******************************************************************************

                     295     ;*******************************************************************************

017A                 296     Jogar:

017A E52B            297         MOV A, DificuldadeAtual

017C F52A            298         MOV TempoObstaculos, A

                     299         

017E                 300         InicializarJogador:

017E 7446            301             MOV A, #ImagemX         ; Apontador para a primeira linha

0180 2406            302             ADD A, #POS_JOGADOR                     ; Apontador para a linha a mostrar no displ
                             ay

A51 MACRO ASSEMBLER  JOGO                                                                 06/01/2017 16:53:33 PAGE     6

0182 F8              303             MOV R0, A

0183 7604            304             MOV @R0, #POS_JOGADOR_INICIAL 

                     305             

0185                 306         InicializarObstaculos:

0185 752C00          307             MOV ObstaculosInicio, #0

0188 A82D            308             MOV R0, NivelAtual

018A 18              309             DEC R0

018B 8832            310             MOV NovaImagem, R0

018D 119D            311             CALL DesenharNovaImagem

                     312         

018F                 313         CicloJogar:

018F E529            314             MOV A, VidasRestantes

0191 600A            315             JZ fimCicloJogar

0193 E52C            316             MOV A, ObstaculosInicio

0195 75F007          317             MOV B, #NR_LINHAS

0198 15F0            318             DEC B

019A B5F0F2          319             CJNE A, B, CicloJogar

                     320             

019D                 321         fimCicloJogar:    

019D E529            322             MOV A, VidasRestantes

019F 7002            323             JNZ FimJogar

01A1 80C3            324             JMP GameOver

                     325         

01A3                 326         fimJogar:

01A3 052D            327             INC NivelAtual

01A5 22              328             RET

                     329     ;*******************************************************************************

                     330     ;*******************************************************************************

                     331     ; Imagens a mostrar no display

01A6                 332     Imagens:

01A6 03020401        333     DB 3, 2, 4, 1, 5, 2             ; Nível 1

01AA 0502                    
01AC 04030206        334     DB 4, 3, 2, 6, 0, 0             ; Nível 2

01B0 0000                    
01B2 07060206        335     DB 7, 6, 2, 6, 0, 0             ; Nível 3

01B6 0000                    
01B8 08020306        336     DB 8, 2, 3, 6, 0, 0             ; Nível 4

01BC 0000                    
01BE 01040406        337     DB 1, 4, 4, 6, 0, 0             ; Nível 5  

01C2 0000                    
01C4 110A040A        338     DB 17,10,4,10,17,0      ; Game over

01C8 1100                    
01CA 1F1F1F1F        339     DB 31,31,31,31,31,31    ; Vitória

01CE 1F1F                    
                     340     ;**************************************************************************

                     341     

                     342     END

A51 MACRO ASSEMBLER  JOGO                                                                 06/01/2017 16:53:33 PAGE     7

SYMBOL TABLE LISTING
------ ----- -------


N A M E                      T Y P E  V A L U E   ATTRIBUTES

ACC . . . . . . . . . . . .  D ADDR   00E0H   A   
B . . . . . . . . . . . . .  D ADDR   00F0H   A   
CICLODESENHAR . . . . . . .  C ADDR   00B8H   A   
CICLOJOGAR. . . . . . . . .  C ADDR   018FH   A   
DESENHARNOVAIMAGEM. . . . .  C ADDR   009DH   A   
DESLIGARINTERRUPCOES. . . .  C ADDR   0163H   A   
DIFICULDADE1. . . . . . . .  N NUMB   0014H   A   
DIFICULDADE2. . . . . . . .  N NUMB   0012H   A   
DIFICULDADE3. . . . . . . .  N NUMB   000FH   A   
DIFICULDADE4. . . . . . . .  N NUMB   000AH   A   
DIFICULDADE5. . . . . . . .  N NUMB   0007H   A   
DIFICULDADEATUAL. . . . . .  N NUMB   002BH   A   
DISPLAYX. . . . . . . . . .  D ADDR   00A0H   A   
DISPLAYY. . . . . . . . . .  D ADDR   0090H   A   
ENDLOOP . . . . . . . . . .  C ADDR   0178H   A   
FIMCICLOJOGAR . . . . . . .  C ADDR   019DH   A   
FIMJOGAR. . . . . . . . . .  C ADDR   01A3H   A   
FIMMOVERJOGADORDIREITA. . .  C ADDR   0103H   A   
FIMMOVERJOGADORESQUERDA . .  C ADDR   00E3H   A   
FIMVARRERDISPLAY. . . . . .  C ADDR   015EH   A   
FIMVERIFICAROBSTACULOS. . .  C ADDR   0133H   A   
GAMEOVER. . . . . . . . . .  C ADDR   0166H   A   
IE. . . . . . . . . . . . .  D ADDR   00A8H   A   
IMAGEMATUAL . . . . . . . .  N NUMB   002EH   A   
IMAGEMX . . . . . . . . . .  N NUMB   0046H   A   
IMAGEM_GAMEOVER . . . . . .  N NUMB   0005H   A   
IMAGEM_VICTORY. . . . . . .  N NUMB   0006H   A   
IMAGENS . . . . . . . . . .  C ADDR   01A6H   A   
INICIALIZARJOGADOR. . . . .  C ADDR   017EH   A   
INICIALIZAROBSTACULOS . . .  C ADDR   0185H   A   
INPUT . . . . . . . . . . .  D ADDR   00B0H   A   
INTERRUPCOES_ESTADO_INICIAL  N NUMB   008FH   A   
IP. . . . . . . . . . . . .  D ADDR   00B8H   A   
IT0 . . . . . . . . . . . .  B ADDR   0088H.0 A   
IT1 . . . . . . . . . . . .  B ADDR   0088H.2 A   
JOGAR . . . . . . . . . . .  C ADDR   017AH   A   
LIGARINTERRUPCOES . . . . .  C ADDR   0062H   A   
LIMITE_X_DIREITA. . . . . .  N NUMB   0001H   A   
LIMITE_X_ESQUERDA . . . . .  N NUMB   0010H   A   
LINHAATIVA. . . . . . . . .  N NUMB   002FH   A   
LINHAATIVA_INICIAL. . . . .  N NUMB   00FEH   A   
LINHAATUAL. . . . . . . . .  N NUMB   0028H   A   
LINHA_VAZIA . . . . . . . .  N NUMB   0000H   A   
MOVERDIREITA. . . . . . . .  C ADDR   00FEH   A   
MOVERESQUERDA . . . . . . .  C ADDR   00DEH   A   
MOVERJOGADORDIREITA . . . .  C ADDR   00EAH   A   
MOVERJOGADORESQUERDA. . . .  C ADDR   00CAH   A   
MOVEROBSTACULOS . . . . . .  C ADDR   0133H   A   
NIVELATUAL. . . . . . . . .  N NUMB   002DH   A   
NIVEL_INICIAL . . . . . . .  N NUMB   0001H   A   
NOVAIMAGEM. . . . . . . . .  N NUMB   0032H   A   
NR_IMAGENS. . . . . . . . .  N NUMB   0007H   A   
NR_LINHAS . . . . . . . . .  N NUMB   0007H   A   
OBSTACULOSINICIO. . . . . .  N NUMB   002CH   A   
P1. . . . . . . . . . . . .  D ADDR   0090H   A   
P2. . . . . . . . . . . . .  D ADDR   00A0H   A   
P3. . . . . . . . . . . . .  D ADDR   00B0H   A   
POS_JOGADOR . . . . . . . .  N NUMB   0006H   A   
POS_JOGADOR_INICIAL . . . .  N NUMB   0004H   A   
PRINCIPAL . . . . . . . . .  C ADDR   0050H   A   
A51 MACRO ASSEMBLER  JOGO                                                                 06/01/2017 16:53:33 PAGE     8

PRINCIPAL_JOGO. . . . . . .  C ADDR   0082H   A   
REINICIALIZARDIFICULDADE. .  C ADDR   011BH   A   
SP. . . . . . . . . . . . .  D ADDR   0081H   A   
TEMPOOBSTACULOS . . . . . .  N NUMB   002AH   A   
TEMPO_HIGH. . . . . . . . .  N NUMB   003CH   A   
TEMPO_LOW . . . . . . . . .  N NUMB   00AFH   A   
TEMPO_T1. . . . . . . . . .  N NUMB   0070H   A   
TH0 . . . . . . . . . . . .  D ADDR   008CH   A   
TH1 . . . . . . . . . . . .  D ADDR   008DH   A   
TL0 . . . . . . . . . . . .  D ADDR   008AH   A   
TL1 . . . . . . . . . . . .  D ADDR   008BH   A   
TMOD. . . . . . . . . . . .  D ADDR   0089H   A   
TR0 . . . . . . . . . . . .  B ADDR   0088H.4 A   
TR1 . . . . . . . . . . . .  B ADDR   0088H.6 A   
VARRERDISPLAY . . . . . . .  C ADDR   013CH   A   
VAZIO . . . . . . . . . . .  N NUMB   00FFH   A   
VERIFICARCOLISOES . . . . .  C ADDR   011FH   A   
VERIFICAROBSTACULOS . . . .  C ADDR   010AH   A   
VICTORY . . . . . . . . . .  C ADDR   016FH   A   
VIDASRESTANTES. . . . . . .  N NUMB   0029H   A   
VIDAS_INICIAL . . . . . . .  N NUMB   0004H   A   


REGISTER BANK(S) USED: 0 


ASSEMBLY COMPLETE.  0 WARNING(S), 0 ERROR(S)
